Verified existence of local and remote repos: Success
/opt/actions-runner/_work/kernel-config-test/kernel-config-test/kernel-topics /opt/actions-runner/_work/kernel-config-test/kernel-config-test/kernel-topics
Reuse-Recorded-Resolution: Enabled
Downloaded shared rerere cache
Local tree is clean
Removing old remotes ...
The remote origin https://github.com/qualcomm-linux/kernel-topics is no longer tracked.
Delete it [Y/n]? Done, removed 1 old remote(s).
Adding new remotes...
Adding remote baseline https://github.com/qualcomm-linux/kernel.git qcom-next-staging
Updating baseline
Adding remote tech/bsp/clk https://github.com/qualcomm-linux/kernel-topics.git tech/bsp/clk
Updating tech/bsp/clk
Adding remote tech/bsp/devfreq https://github.com/qualcomm-linux/kernel-topics.git tech/bsp/devfreq
Updating tech/bsp/devfreq
Adding remote tech/bsp/ec https://github.com/qualcomm-linux/kernel-topics.git tech/bsp/ec
Updating tech/bsp/ec
Adding remote tech/bsp/interconnect https://github.com/qualcomm-linux/kernel-topics.git tech/bsp/interconnect
Updating tech/bsp/interconnect
Adding remote tech/bsp/sched https://github.com/qualcomm-linux/kernel-topics.git tech/bsp/sched
Updating tech/bsp/sched
Adding remote tech/mem/secure-buffer https://github.com/qualcomm-linux/kernel-topics.git tech/mem/secure-buffer
Updating tech/mem/secure-buffer
Adding remote tech/security/firmware-smc https://github.com/qualcomm-linux/kernel-topics.git tech/security/firmware-smc
Updating tech/security/firmware-smc
Adding remote tech/bsp/soc-infra https://github.com/qualcomm-linux/kernel-topics.git tech/bsp/soc-infra
Updating tech/bsp/soc-infra
Adding remote tech/debug/soc https://github.com/qualcomm-linux/kernel-topics.git tech/debug/soc
Updating tech/debug/soc
Adding remote tech/bsp/pinctrl https://github.com/qualcomm-linux/kernel-topics.git tech/bsp/pinctrl
Updating tech/bsp/pinctrl
Adding remote tech/bsp/remoteproc https://github.com/qualcomm-linux/kernel-topics.git tech/bsp/remoteproc
Updating tech/bsp/remoteproc
Adding remote tech/bus/peripherals https://github.com/qualcomm-linux/kernel-topics.git tech/bus/peripherals
Updating tech/bus/peripherals
Adding remote tech/bus/pci/all https://github.com/qualcomm-linux/kernel-topics.git tech/bus/pci/all
Updating tech/bus/pci/all
Adding remote tech/bus/pci/mhi https://github.com/qualcomm-linux/kernel-topics.git tech/bus/pci/mhi
Updating tech/bus/pci/mhi
Adding remote tech/bus/pci/phy https://github.com/qualcomm-linux/kernel-topics.git tech/bus/pci/phy
Updating tech/bus/pci/phy
Adding remote tech/bus/pci/pwrctl https://github.com/qualcomm-linux/kernel-topics.git tech/bus/pci/pwrctl
Updating tech/bus/pci/pwrctl
Adding remote tech/bus/usb/dwc https://github.com/qualcomm-linux/kernel-topics.git tech/bus/usb/dwc
Updating tech/bus/usb/dwc
Adding remote tech/bus/usb/gadget https://github.com/qualcomm-linux/kernel-topics.git tech/bus/usb/gadget
Updating tech/bus/usb/gadget
Adding remote tech/bus/usb/phy https://github.com/qualcomm-linux/kernel-topics.git tech/bus/usb/phy
Updating tech/bus/usb/phy
Adding remote tech/debug/eud https://github.com/qualcomm-linux/kernel-topics.git tech/debug/eud
Updating tech/debug/eud
Adding remote tech/debug/hwtracing https://github.com/qualcomm-linux/kernel-topics.git tech/debug/hwtracing
Updating tech/debug/hwtracing
Adding remote tech/debug/rdbg https://github.com/qualcomm-linux/kernel-topics.git tech/debug/rdbg
Updating tech/debug/rdbg
Adding remote tech/pmic/backlight https://github.com/qualcomm-linux/kernel-topics.git tech/pmic/backlight
Updating tech/pmic/backlight
Adding remote tech/pmic/mfd https://github.com/qualcomm-linux/kernel-topics.git tech/pmic/mfd
Updating tech/pmic/mfd
Adding remote tech/pmic/misc https://github.com/qualcomm-linux/kernel-topics.git tech/pmic/misc
Updating tech/pmic/misc
Adding remote tech/pmic/regulator https://github.com/qualcomm-linux/kernel-topics.git tech/pmic/regulator
Updating tech/pmic/regulator
Adding remote tech/pmic/supply https://github.com/qualcomm-linux/kernel-topics.git tech/pmic/supply
Updating tech/pmic/supply
Adding remote tech/mem/dma-buf https://github.com/qualcomm-linux/kernel-topics.git tech/mem/dma-buf
Updating tech/mem/dma-buf
Adding remote tech/mem/iommu https://github.com/qualcomm-linux/kernel-topics.git tech/mem/iommu
Updating tech/mem/iommu
Adding remote tech/mm/audio/all https://github.com/qualcomm-linux/kernel-topics.git tech/mm/audio/all
Updating tech/mm/audio/all
Adding remote tech/mm/audio/soundwire https://github.com/qualcomm-linux/kernel-topics.git tech/mm/audio/soundwire
Updating tech/mm/audio/soundwire
Adding remote tech/mm/camss https://github.com/qualcomm-linux/kernel-topics.git tech/mm/camss
Updating tech/mm/camss
Adding remote tech/mm/drm https://github.com/qualcomm-linux/kernel-topics.git tech/mm/drm
Updating tech/mm/drm
Adding remote tech/mm/fastrpc https://github.com/qualcomm-linux/kernel-topics.git tech/mm/fastrpc
Updating tech/mm/fastrpc
Adding remote tech/mm/phy https://github.com/qualcomm-linux/kernel-topics.git tech/mm/phy
Updating tech/mm/phy
Adding remote tech/mm/video https://github.com/qualcomm-linux/kernel-topics.git tech/mm/video
Updating tech/mm/video
Adding remote tech/mm/gpu https://github.com/qualcomm-linux/kernel-topics.git tech/mm/gpu
Updating tech/mm/gpu
Adding remote tech/mproc/rpmsg https://github.com/qualcomm-linux/kernel-topics.git tech/mproc/rpmsg
Updating tech/mproc/rpmsg
Adding remote tech/mproc/qmi https://github.com/qualcomm-linux/kernel-topics.git tech/mproc/qmi
Updating tech/mproc/qmi
Adding remote tech/net/ath https://github.com/qualcomm-linux/kernel-topics.git tech/net/ath
Updating tech/net/ath
Adding remote tech/net/eth https://github.com/qualcomm-linux/kernel-topics.git tech/net/eth
Updating tech/net/eth
Adding remote tech/net/rmnet https://github.com/qualcomm-linux/kernel-topics.git tech/net/rmnet
Updating tech/net/rmnet
Adding remote tech/net/qrtr https://github.com/qualcomm-linux/kernel-topics.git tech/net/qrtr
Updating tech/net/qrtr
Adding remote tech/net/phy https://github.com/qualcomm-linux/kernel-topics.git tech/net/phy
Updating tech/net/phy
Adding remote tech/net/bluetooth https://github.com/qualcomm-linux/kernel-topics.git tech/net/bluetooth
Updating tech/net/bluetooth
Adding remote tech/pm/opp https://github.com/qualcomm-linux/kernel-topics.git tech/pm/opp
Updating tech/pm/opp
Adding remote tech/pm/pmdomain https://github.com/qualcomm-linux/kernel-topics.git tech/pm/pmdomain
Updating tech/pm/pmdomain
Adding remote tech/pm/power https://github.com/qualcomm-linux/kernel-topics.git tech/pm/power
Updating tech/pm/power
Adding remote tech/pm/thermal https://github.com/qualcomm-linux/kernel-topics.git tech/pm/thermal
Updating tech/pm/thermal
Adding remote tech/security/crypto https://github.com/qualcomm-linux/kernel-topics.git tech/security/crypto
Updating tech/security/crypto
Adding remote tech/security/fscrypt https://github.com/qualcomm-linux/kernel-topics.git tech/security/fscrypt
Updating tech/security/fscrypt
Adding remote tech/security/ice https://github.com/qualcomm-linux/kernel-topics.git tech/security/ice
Updating tech/security/ice
Adding remote tech/security/optee-next https://github.com/qualcomm-linux/kernel-topics.git tech/security/optee-next
Updating tech/security/optee-next
Adding remote tech/storage/nvmem https://github.com/qualcomm-linux/kernel-topics.git tech/storage/nvmem
Updating tech/storage/nvmem
Adding remote tech/storage/phy https://github.com/qualcomm-linux/kernel-topics.git tech/storage/phy
Updating tech/storage/phy
Adding remote tech/storage/all https://github.com/qualcomm-linux/kernel-topics.git tech/storage/all
Updating tech/storage/all
Adding remote tech/virt/gunyah https://github.com/qualcomm-linux/kernel-topics.git tech/virt/gunyah
Updating tech/virt/gunyah
Adding remote tech/all/dt/qcs6490 https://github.com/qualcomm-linux/kernel-topics.git tech/all/dt/qcs6490
Updating tech/all/dt/qcs6490
Adding remote tech/all/dt/qcs9100 https://github.com/qualcomm-linux/kernel-topics.git tech/all/dt/qcs9100
Updating tech/all/dt/qcs9100
Adding remote tech/all/dt/qcs8300 https://github.com/qualcomm-linux/kernel-topics.git tech/all/dt/qcs8300
Updating tech/all/dt/qcs8300
Adding remote tech/all/dt/qcs615 https://github.com/qualcomm-linux/kernel-topics.git tech/all/dt/qcs615
Updating tech/all/dt/qcs615
Adding remote tech/all/dt/agatti https://github.com/qualcomm-linux/kernel-topics.git tech/all/dt/agatti
Updating tech/all/dt/agatti
Adding remote tech/all/dt/eliza https://github.com/qualcomm-linux/kernel-topics.git tech/all/dt/eliza
Updating tech/all/dt/eliza
Adding remote tech/all/dt/hamoa https://github.com/qualcomm-linux/kernel-topics.git tech/all/dt/hamoa
Updating tech/all/dt/hamoa
Adding remote tech/all/dt/glymur https://github.com/qualcomm-linux/kernel-topics.git tech/all/dt/glymur
Updating tech/all/dt/glymur
Adding remote tech/all/dt/kaanapali https://github.com/qualcomm-linux/kernel-topics.git tech/all/dt/kaanapali
Updating tech/all/dt/kaanapali
Adding remote tech/all/dt/pakala https://github.com/qualcomm-linux/kernel-topics.git tech/all/dt/pakala
Updating tech/all/dt/pakala
Adding remote tech/all/hawi https://github.com/qualcomm-linux/kernel-topics.git tech/all/hawi
Updating tech/all/hawi
Adding remote tech/all/maili https://github.com/qualcomm-linux/kernel-topics.git tech/all/maili
Updating tech/all/maili
Adding remote tech/all/shikra https://github.com/qualcomm-linux/kernel-topics.git tech/all/shikra
Updating tech/all/shikra
Adding remote tech/all/config https://github.com/qualcomm-linux/kernel-topics.git tech/all/config
Updating tech/all/config
Adding remote tech/overlay/dt https://github.com/qualcomm-linux/kernel-topics.git tech/overlay/dt
Updating tech/overlay/dt
Adding remote tech/all/workaround https://github.com/qualcomm-linux/kernel-topics.git tech/all/workaround
Updating tech/all/workaround
Adding remote tech/mproc/all https://github.com/qualcomm-linux/kernel-topics.git tech/mproc/all
Updating tech/mproc/all
Adding remote tech/noup/debug/all https://github.com/qualcomm-linux/kernel-topics.git tech/noup/debug/all
Updating tech/noup/debug/all
Adding remote tech/hwe/unoq https://github.com/qualcomm-linux/kernel-topics.git tech/hwe/unoq
Updating tech/hwe/unoq
Adding remote early/hwe/nord https://github.com/qualcomm-linux/kernel-topics.git early/hwe/nord
Updating early/hwe/nord
Adding remote early/hwe/staging/nord https://github.com/qualcomm-linux/kernel-topics.git early/hwe/staging/nord
Updating early/hwe/staging/nord
Done, added 79 new remote(s).
Updating the remotes ...
Updating tech/bsp/clk
tech/bsp/clk pinned to 8fbbeee4302f246ab9bd3ddc44fcb78c1cc4a4a5. Ignoring branch tip changes.
Updating tech/bsp/devfreq
tech/bsp/devfreq pinned to 0837ca4afab5ff6397284116dfad794b0b7884d5. Ignoring branch tip changes.
Updating tech/bsp/ec
Updating tech/bsp/interconnect
tech/bsp/interconnect pinned to 81fc6e2c356d01f1606ae1323b1b1ef3b6db0ad2. Ignoring branch tip changes.
Updating tech/bsp/sched
tech/bsp/sched pinned to 2cb2e1893260e8060cbc0510c4fa52cda90947f8. Ignoring branch tip changes.
Updating tech/mem/secure-buffer
Updating tech/security/firmware-smc
tech/security/firmware-smc pinned to 16b0235a686da585922566fe2aeee447e100fbfd. Ignoring branch tip changes.
Updating tech/bsp/soc-infra
tech/bsp/soc-infra pinned to 3633b44cc241cc8e03dae3b09be0817c3bac9c4f. Ignoring branch tip changes.
Updating tech/debug/soc
Updating tech/bsp/pinctrl
tech/bsp/pinctrl pinned to 79149ef6a826d6237346aa74eca65ccbe19d761f. Ignoring branch tip changes.
Updating tech/bsp/remoteproc
tech/bsp/remoteproc pinned to 8c716bcd0b5eca15711a114434340d2f89cbf4d1. Ignoring branch tip changes.
Updating tech/bus/peripherals
tech/bus/peripherals pinned to d69a417c1c2b93a0c7c174a2d1cab0da18dbad64. Ignoring branch tip changes.
Updating tech/bus/pci/all
tech/bus/pci/all pinned to 9189a067e7b00e8545bd336e8c6bee7064effcbe. Ignoring branch tip changes.
Updating tech/bus/pci/mhi
Updating tech/bus/pci/phy
Updating tech/bus/pci/pwrctl
Updating tech/bus/usb/dwc
tech/bus/usb/dwc pinned to 6f2460005b7a8909fcc9668e9abcf76050d6198e. Ignoring branch tip changes.
Updating tech/bus/usb/gadget
Updating tech/bus/usb/phy
tech/bus/usb/phy pinned to b94824df2da48cbe95cc99a0fdd2bd309605f79e. Ignoring branch tip changes.
Updating tech/debug/eud
Updating tech/debug/hwtracing
tech/debug/hwtracing pinned to fae0f798a947b7949522d5657e4b40a1cc92b12c. Ignoring branch tip changes.
Updating tech/debug/rdbg
Updating tech/pmic/backlight
Updating tech/pmic/mfd
Updating tech/pmic/misc
tech/pmic/misc pinned to 0adc32cecb53de9434a1ffaa22af8eacb7e3e2c0. Ignoring branch tip changes.
Updating tech/pmic/regulator
Updating tech/pmic/supply
Updating tech/mem/dma-buf
tech/mem/dma-buf pinned to f153776ee5585e03809e3820c09f2ae8a1ec67d9. Ignoring branch tip changes.
Updating tech/mem/iommu
tech/mem/iommu pinned to e1fac89078258e1073934473756910cbb935cc8b. Ignoring branch tip changes.
Updating tech/mm/audio/all
tech/mm/audio/all pinned to 277113f054d74a01cf8e1648aafdc0ea73f562c7. Ignoring branch tip changes.
Updating tech/mm/audio/soundwire
Updating tech/mm/camss
tech/mm/camss pinned commit dd654943f75e9fc7d01472dab4b351e36663c017 is not available locally. Fetching advertised refs.
tech/mm/camss pinned commit dd654943f75e9fc7d01472dab4b351e36663c017 is still unavailable. Fetching it directly.
tech/mm/camss pinned to dd654943f75e9fc7d01472dab4b351e36663c017. Ignoring branch tip changes.
Updating tech/mm/drm
tech/mm/drm pinned to 55b9133f9c001c28e82999293e7b748a9f4b916b. Ignoring branch tip changes.
Updating tech/mm/fastrpc
tech/mm/fastrpc pinned to fab5742543b3ac30feddcc3e21abf5c5367813e3. Ignoring branch tip changes.
Updating tech/mm/phy
Updating tech/mm/video
tech/mm/video pinned to bbe1a02c8deab96676f5b1d9e0c802eb409854a6. Ignoring branch tip changes.
Updating tech/mm/gpu
tech/mm/gpu pinned to e065d5a06609e29946cba06a8c42b5e084c16e98. Ignoring branch tip changes.
Updating tech/mproc/rpmsg
Updating tech/mproc/qmi
Updating tech/net/ath
tech/net/ath pinned commit 722be84e35d87fe00bb909de896bfdc67bc5a064 is not available locally. Fetching advertised refs.
tech/net/ath pinned commit 722be84e35d87fe00bb909de896bfdc67bc5a064 is still unavailable. Fetching it directly.
tech/net/ath pinned to 722be84e35d87fe00bb909de896bfdc67bc5a064. Ignoring branch tip changes.
Updating tech/net/eth
tech/net/eth pinned to 715180713fce420325bc76f087389ec12f6ad214. Ignoring branch tip changes.
Updating tech/net/rmnet
Updating tech/net/qrtr
Updating tech/net/phy
Updating tech/net/bluetooth
tech/net/bluetooth pinned to e352848cad1444a9125ebad6768024cc8a9cc0c4. Ignoring branch tip changes.
Updating tech/pm/opp
Updating tech/pm/pmdomain
tech/pm/pmdomain pinned to 16a7451c692b445766f0aef4187677ca93740e54. Ignoring branch tip changes.
Updating tech/pm/power
tech/pm/power pinned to 3faa52e4bb5a411b7ca71ecb52a725a4b67f0685. Ignoring branch tip changes.
Updating tech/pm/thermal
tech/pm/thermal pinned to 2602b17df1dab5715e2b1625738e1983a053ad02. Ignoring branch tip changes.
Updating tech/security/crypto
tech/security/crypto pinned to 4c71afd9e46a785c7c00563832fb1550503b011c. Ignoring branch tip changes.
Updating tech/security/fscrypt
Updating tech/security/ice
tech/security/ice pinned to dc34f45bbd867d317614efdfeae9274d6c956454. Ignoring branch tip changes.
Updating tech/security/optee-next
tech/security/optee-next pinned to 9babb9ac3b6294a7b1417877627895d62414eaac. Ignoring branch tip changes.
Updating tech/storage/nvmem
Updating tech/storage/phy
Updating tech/storage/all
tech/storage/all pinned to f2a8c9af405bb5a012b720c3f824920a6d9a158e. Ignoring branch tip changes.
Updating tech/virt/gunyah
Updating tech/all/dt/qcs6490
tech/all/dt/qcs6490 pinned to fdf8383bd714781dfce69bc0755844fe85389788. Ignoring branch tip changes.
Updating tech/all/dt/qcs9100
tech/all/dt/qcs9100 pinned to df4f38e0ebf7edc26b43cce23131f7181cc557f2. Ignoring branch tip changes.
Updating tech/all/dt/qcs8300
tech/all/dt/qcs8300 pinned to 6a513e3822028da35889d58dd755152132440a6b. Ignoring branch tip changes.
Updating tech/all/dt/qcs615
tech/all/dt/qcs615 pinned to 4bc8635623a5bb44afd03203ffa1c8759c58bae6. Ignoring branch tip changes.
Updating tech/all/dt/agatti
tech/all/dt/agatti pinned to 2ca1b63b35a7e70a4a80398286211dee17729739. Ignoring branch tip changes.
Updating tech/all/dt/eliza
tech/all/dt/eliza pinned to fd76dfcc600a56ed9bc6d4f1b5d3e5d26238a767. Ignoring branch tip changes.
Updating tech/all/dt/hamoa
tech/all/dt/hamoa pinned to 7cdc1c1717ef2f890b5c1272d0822714942d4f52. Ignoring branch tip changes.
Updating tech/all/dt/glymur
tech/all/dt/glymur pinned to a619ea6bd88bc2938ad9eadd3bff6df886f456c3. Ignoring branch tip changes.
Updating tech/all/dt/kaanapali
tech/all/dt/kaanapali pinned to b395c116269253fd3bf457e69cdc734077358900. Ignoring branch tip changes.
Updating tech/all/dt/pakala
tech/all/dt/pakala pinned to 9cdd195c9736e629a1051563b7eae5ca38e22c66. Ignoring branch tip changes.
Updating tech/all/hawi
tech/all/hawi pinned to 17d1dc3ec4d9bc10af1e075c960d45187a36c388. Ignoring branch tip changes.
Updating tech/all/maili
tech/all/maili pinned to c7b7e74ca9e881487a53c7e9ad18e0a9f428bbee. Ignoring branch tip changes.
Updating tech/all/shikra
tech/all/shikra pinned to fc6960a53c6db10c98094d9a050e1a4719ac7d07. Ignoring branch tip changes.
Updating tech/all/config
tech/all/config pinned to 68307b7d975eda470c697794163c512191a5e71c. Ignoring branch tip changes.
Updating tech/overlay/dt
tech/overlay/dt pinned to e3a5bec1a541fca07ea6203ef7372d1d775c9a49. Ignoring branch tip changes.
Updating tech/all/workaround
tech/all/workaround pinned to ebc94067be183f4418b5f496e269d6eb11723bcb. Ignoring branch tip changes.
Updating tech/mproc/all
Updating tech/noup/debug/all
tech/noup/debug/all pinned to 9f1e8aefe2eaa112abe0bbb5e9f67284effa3d8d. Ignoring branch tip changes.
Updating tech/hwe/unoq
tech/hwe/unoq pinned to a2d85fe547167dbd8fc59618907c20a6f17d2e5a. Ignoring branch tip changes.
Updating early/hwe/nord
early/hwe/nord pinned to 9d5b3c8bfaff6f9f913fdf01da068d2806a0ea6a. Ignoring branch tip changes.
Updating early/hwe/staging/nord
early/hwe/staging/nord pinned commit b84ee153050a24411f1e3d1d082886e4dc97c682 is not available locally. Fetching advertised refs.
early/hwe/staging/nord pinned commit b84ee153050a24411f1e3d1d082886e4dc97c682 is still unavailable. Fetching it directly.
early/hwe/staging/nord pinned to b84ee153050a24411f1e3d1d082886e4dc97c682. Ignoring branch tip changes.
Done, updated 0 remote(s).
Updating baseline ...
Fetching baseline
latest tag/id is a90ee4305c4a5df72c11b31dacfdc76e00fcf78a
Done, updated baseline.
Latest tag is a90ee4305c4a5df72c11b31dacfdc76e00fcf78a
Create a new integration branch based on a90ee4305c4a5df72c11b31dacfdc76e00fcf78a
Merging topic branches...
------------------------------------------
 ** Merging topic branch: 8fbbeee4302f246ab9bd3ddc44fcb78c1cc4a4a5
Merge successful : tech/bsp/clk : 8fbbeee4302f246ab9bd3ddc44fcb78c1cc4a4a5 : 20
------------------------------------------
 ** Merging topic branch: 0837ca4afab5ff6397284116dfad794b0b7884d5
Merge successful : tech/bsp/devfreq : 0837ca4afab5ff6397284116dfad794b0b7884d5 : 7
------------------------------------------
 ** Merging topic branch: tech/bsp/ec/tech/bsp/ec
Nothing to merge: Already up to date.
------------------------------------------
 ** Merging topic branch: 81fc6e2c356d01f1606ae1323b1b1ef3b6db0ad2
Merge successful : tech/bsp/interconnect : 81fc6e2c356d01f1606ae1323b1b1ef3b6db0ad2 : 1
------------------------------------------
 ** Merging topic branch: 2cb2e1893260e8060cbc0510c4fa52cda90947f8
Merge successful : tech/bsp/sched : 2cb2e1893260e8060cbc0510c4fa52cda90947f8 : 2
------------------------------------------
 ** Merging topic branch: tech/mem/secure-buffer/tech/mem/secure-buffer
Nothing to merge: Already up to date.
------------------------------------------
 ** Merging topic branch: 16b0235a686da585922566fe2aeee447e100fbfd
Merge successful : tech/security/firmware-smc : 16b0235a686da585922566fe2aeee447e100fbfd : 9
------------------------------------------
 ** Merging topic branch: 3633b44cc241cc8e03dae3b09be0817c3bac9c4f
Merge failed, manual merge
No files need merging
[qcom-next 64289b5533f7] Merge remote-tracking branch tech/bsp/soc-infra into qcom-next
 Committer: Ubuntu <ubuntu@ip-172-31-41-76.us-west-2.compute.internal>
Your name and email address were configured automatically based
on your username and hostname. Please check that they are accurate.
You can suppress this message by setting them explicitly. Run the
following command and follow the instructions in your editor to edit
your configuration file:

    git config --global --edit

After doing this, you may fix the identity used for this commit with:

    git commit --amend --reset-author

Merge successful : tech/bsp/soc-infra : 3633b44cc241cc8e03dae3b09be0817c3bac9c4f : 39
------------------------------------------
 ** Merging topic branch: tech/debug/soc/tech/debug/soc
Nothing to merge: Already up to date.
------------------------------------------
 ** Merging topic branch: 79149ef6a826d6237346aa74eca65ccbe19d761f
Merge successful : tech/bsp/pinctrl : 79149ef6a826d6237346aa74eca65ccbe19d761f : 1
------------------------------------------
 ** Merging topic branch: 8c716bcd0b5eca15711a114434340d2f89cbf4d1
Merge successful : tech/bsp/remoteproc : 8c716bcd0b5eca15711a114434340d2f89cbf4d1 : 1
------------------------------------------
 ** Merging topic branch: d69a417c1c2b93a0c7c174a2d1cab0da18dbad64
Merge successful : tech/bus/peripherals : d69a417c1c2b93a0c7c174a2d1cab0da18dbad64 : 8
------------------------------------------
 ** Merging topic branch: 9189a067e7b00e8545bd336e8c6bee7064effcbe
Merge successful : tech/bus/pci/all : 9189a067e7b00e8545bd336e8c6bee7064effcbe : 42
------------------------------------------
 ** Merging topic branch: tech/bus/pci/mhi/tech/bus/pci/mhi
Nothing to merge: Already up to date.
------------------------------------------
 ** Merging topic branch: tech/bus/pci/phy/tech/bus/pci/phy
Nothing to merge: Already up to date.
------------------------------------------
 ** Merging topic branch: tech/bus/pci/pwrctl/tech/bus/pci/pwrctl
Nothing to merge: Already up to date.
------------------------------------------
 ** Merging topic branch: 6f2460005b7a8909fcc9668e9abcf76050d6198e
Merge successful : tech/bus/usb/dwc : 6f2460005b7a8909fcc9668e9abcf76050d6198e : 8
------------------------------------------
 ** Merging topic branch: tech/bus/usb/gadget/tech/bus/usb/gadget
Nothing to merge: Already up to date.
------------------------------------------
 ** Merging topic branch: b94824df2da48cbe95cc99a0fdd2bd309605f79e
Merge successful : tech/bus/usb/phy : b94824df2da48cbe95cc99a0fdd2bd309605f79e : 38
------------------------------------------
 ** Merging topic branch: tech/debug/eud/tech/debug/eud
Nothing to merge: Already up to date.
------------------------------------------
 ** Merging topic branch: fae0f798a947b7949522d5657e4b40a1cc92b12c
Merge failed, manual merge
No files need merging
[qcom-next 92710c84b47c] Merge remote-tracking branch tech/debug/hwtracing into qcom-next
 Committer: Ubuntu <ubuntu@ip-172-31-41-76.us-west-2.compute.internal>
Your name and email address were configured automatically based
on your username and hostname. Please check that they are accurate.
You can suppress this message by setting them explicitly. Run the
following command and follow the instructions in your editor to edit
your configuration file:

    git config --global --edit

After doing this, you may fix the identity used for this commit with:

    git commit --amend --reset-author

Merge successful : tech/debug/hwtracing : fae0f798a947b7949522d5657e4b40a1cc92b12c : 27
------------------------------------------
 ** Merging topic branch: tech/debug/rdbg/tech/debug/rdbg
Nothing to merge: Already up to date.
------------------------------------------
 ** Merging topic branch: tech/pmic/backlight/tech/pmic/backlight
Nothing to merge: Already up to date.
------------------------------------------
 ** Merging topic branch: tech/pmic/mfd/tech/pmic/mfd
Nothing to merge: Already up to date.
------------------------------------------
 ** Merging topic branch: 0adc32cecb53de9434a1ffaa22af8eacb7e3e2c0
Merge successful : tech/pmic/misc : 0adc32cecb53de9434a1ffaa22af8eacb7e3e2c0 : 19
------------------------------------------
 ** Merging topic branch: tech/pmic/regulator/tech/pmic/regulator
Nothing to merge: Already up to date.
------------------------------------------
 ** Merging topic branch: tech/pmic/supply/tech/pmic/supply
Nothing to merge: Already up to date.
------------------------------------------
 ** Merging topic branch: f153776ee5585e03809e3820c09f2ae8a1ec67d9
Merge successful : tech/mem/dma-buf : f153776ee5585e03809e3820c09f2ae8a1ec67d9 : 1
------------------------------------------
 ** Merging topic branch: e1fac89078258e1073934473756910cbb935cc8b
Merge successful : tech/mem/iommu : e1fac89078258e1073934473756910cbb935cc8b : 11
------------------------------------------
 ** Merging topic branch: 277113f054d74a01cf8e1648aafdc0ea73f562c7
Merge successful : tech/mm/audio/all : 277113f054d74a01cf8e1648aafdc0ea73f562c7 : 37
------------------------------------------
 ** Merging topic branch: tech/mm/audio/soundwire/tech/mm/audio/soundwire
Nothing to merge: Already up to date.
WARNING: Pinned SHA dd654943f75e9fc7d01472dab4b351e36663c017 is not reachable from tech/mm/camss/tech/mm/camss
------------------------------------------
 ** Merging topic branch: dd654943f75e9fc7d01472dab4b351e36663c017
Merge successful : tech/mm/camss : dd654943f75e9fc7d01472dab4b351e36663c017 : 39
------------------------------------------
 ** Merging topic branch: 55b9133f9c001c28e82999293e7b748a9f4b916b
Merge successful : tech/mm/drm : 55b9133f9c001c28e82999293e7b748a9f4b916b : 164
------------------------------------------
 ** Merging topic branch: fab5742543b3ac30feddcc3e21abf5c5367813e3
Merge successful : tech/mm/fastrpc : fab5742543b3ac30feddcc3e21abf5c5367813e3 : 4
------------------------------------------
 ** Merging topic branch: tech/mm/phy/tech/mm/phy
Nothing to merge: Already up to date.
------------------------------------------
 ** Merging topic branch: bbe1a02c8deab96676f5b1d9e0c802eb409854a6
Merge successful : tech/mm/video : bbe1a02c8deab96676f5b1d9e0c802eb409854a6 : 57
------------------------------------------
 ** Merging topic branch: e065d5a06609e29946cba06a8c42b5e084c16e98
Merge successful : tech/mm/gpu : e065d5a06609e29946cba06a8c42b5e084c16e98 : 1
------------------------------------------
 ** Merging topic branch: tech/mproc/rpmsg/tech/mproc/rpmsg
Nothing to merge: Already up to date.
------------------------------------------
 ** Merging topic branch: tech/mproc/qmi/tech/mproc/qmi
Nothing to merge: Already up to date.
WARNING: Pinned SHA 722be84e35d87fe00bb909de896bfdc67bc5a064 is not reachable from tech/net/ath/tech/net/ath
------------------------------------------
 ** Merging topic branch: 722be84e35d87fe00bb909de896bfdc67bc5a064
Merge successful : tech/net/ath : 722be84e35d87fe00bb909de896bfdc67bc5a064 : 7
------------------------------------------
 ** Merging topic branch: 715180713fce420325bc76f087389ec12f6ad214
Merge successful : tech/net/eth : 715180713fce420325bc76f087389ec12f6ad214 : 19
------------------------------------------
 ** Merging topic branch: tech/net/rmnet/tech/net/rmnet
Nothing to merge: Already up to date.
------------------------------------------
 ** Merging topic branch: tech/net/qrtr/tech/net/qrtr
Nothing to merge: Already up to date.
------------------------------------------
 ** Merging topic branch: tech/net/phy/tech/net/phy
Nothing to merge: Already up to date.
------------------------------------------
 ** Merging topic branch: e352848cad1444a9125ebad6768024cc8a9cc0c4
Merge failed, manual merge
No files need merging
[qcom-next ea33274e1209] Merge remote-tracking branch tech/net/bluetooth into qcom-next
 Committer: Ubuntu <ubuntu@ip-172-31-41-76.us-west-2.compute.internal>
Your name and email address were configured automatically based
on your username and hostname. Please check that they are accurate.
You can suppress this message by setting them explicitly. Run the
following command and follow the instructions in your editor to edit
your configuration file:

    git config --global --edit

After doing this, you may fix the identity used for this commit with:

    git commit --amend --reset-author

Merge successful : tech/net/bluetooth : e352848cad1444a9125ebad6768024cc8a9cc0c4 : 8
------------------------------------------
 ** Merging topic branch: tech/pm/opp/tech/pm/opp
Nothing to merge: Already up to date.
------------------------------------------
 ** Merging topic branch: 16a7451c692b445766f0aef4187677ca93740e54
Merge successful : tech/pm/pmdomain : 16a7451c692b445766f0aef4187677ca93740e54 : 3
------------------------------------------
 ** Merging topic branch: 3faa52e4bb5a411b7ca71ecb52a725a4b67f0685
Merge successful : tech/pm/power : 3faa52e4bb5a411b7ca71ecb52a725a4b67f0685 : 14
------------------------------------------
 ** Merging topic branch: 2602b17df1dab5715e2b1625738e1983a053ad02
Merge failed, manual merge
No files need merging
[qcom-next c173e81cf424] Merge remote-tracking branch tech/pm/thermal into qcom-next
 Committer: Ubuntu <ubuntu@ip-172-31-41-76.us-west-2.compute.internal>
Your name and email address were configured automatically based
on your username and hostname. Please check that they are accurate.
You can suppress this message by setting them explicitly. Run the
following command and follow the instructions in your editor to edit
your configuration file:

    git config --global --edit

After doing this, you may fix the identity used for this commit with:

    git commit --amend --reset-author

Merge successful : tech/pm/thermal : 2602b17df1dab5715e2b1625738e1983a053ad02 : 9
------------------------------------------
 ** Merging topic branch: 4c71afd9e46a785c7c00563832fb1550503b011c
Merge successful : tech/security/crypto : 4c71afd9e46a785c7c00563832fb1550503b011c : 13
------------------------------------------
 ** Merging topic branch: tech/security/fscrypt/tech/security/fscrypt
Nothing to merge: Already up to date.
------------------------------------------
 ** Merging topic branch: dc34f45bbd867d317614efdfeae9274d6c956454
Merge successful : tech/security/ice : dc34f45bbd867d317614efdfeae9274d6c956454 : 14
------------------------------------------
 ** Merging topic branch: 9babb9ac3b6294a7b1417877627895d62414eaac
Merge successful : tech/security/optee-next : 9babb9ac3b6294a7b1417877627895d62414eaac : 1
------------------------------------------
 ** Merging topic branch: tech/storage/nvmem/tech/storage/nvmem
Nothing to merge: Already up to date.
------------------------------------------
 ** Merging topic branch: tech/storage/phy/tech/storage/phy
Nothing to merge: Already up to date.
------------------------------------------
 ** Merging topic branch: f2a8c9af405bb5a012b720c3f824920a6d9a158e
Merge successful : tech/storage/all : f2a8c9af405bb5a012b720c3f824920a6d9a158e : 9
------------------------------------------
 ** Merging topic branch: tech/virt/gunyah/tech/virt/gunyah
Nothing to merge: Already up to date.
------------------------------------------
 ** Merging topic branch: fdf8383bd714781dfce69bc0755844fe85389788
Merge failed, manual merge
No files need merging
[qcom-next 65a69336b3d7] Merge remote-tracking branch tech/all/dt/qcs6490 into qcom-next
 Committer: Ubuntu <ubuntu@ip-172-31-41-76.us-west-2.compute.internal>
Your name and email address were configured automatically based
on your username and hostname. Please check that they are accurate.
You can suppress this message by setting them explicitly. Run the
following command and follow the instructions in your editor to edit
your configuration file:

    git config --global --edit

After doing this, you may fix the identity used for this commit with:

    git commit --amend --reset-author

Merge successful : tech/all/dt/qcs6490 : fdf8383bd714781dfce69bc0755844fe85389788 : 21
------------------------------------------
 ** Merging topic branch: df4f38e0ebf7edc26b43cce23131f7181cc557f2
Merge successful : tech/all/dt/qcs9100 : df4f38e0ebf7edc26b43cce23131f7181cc557f2 : 23
------------------------------------------
 ** Merging topic branch: 6a513e3822028da35889d58dd755152132440a6b
Merge failed, manual merge
No files need merging
[qcom-next fdd067931234] Merge remote-tracking branch tech/all/dt/qcs8300 into qcom-next
 Committer: Ubuntu <ubuntu@ip-172-31-41-76.us-west-2.compute.internal>
Your name and email address were configured automatically based
on your username and hostname. Please check that they are accurate.
You can suppress this message by setting them explicitly. Run the
following command and follow the instructions in your editor to edit
your configuration file:

    git config --global --edit

After doing this, you may fix the identity used for this commit with:

    git commit --amend --reset-author

Merge successful : tech/all/dt/qcs8300 : 6a513e3822028da35889d58dd755152132440a6b : 28
------------------------------------------
 ** Merging topic branch: 4bc8635623a5bb44afd03203ffa1c8759c58bae6
Merge successful : tech/all/dt/qcs615 : 4bc8635623a5bb44afd03203ffa1c8759c58bae6 : 14
------------------------------------------
 ** Merging topic branch: 2ca1b63b35a7e70a4a80398286211dee17729739
Merge failed, manual merge
No files need merging
[qcom-next 46226f375d6e] Merge remote-tracking branch tech/all/dt/agatti into qcom-next
 Committer: Ubuntu <ubuntu@ip-172-31-41-76.us-west-2.compute.internal>
Your name and email address were configured automatically based
on your username and hostname. Please check that they are accurate.
You can suppress this message by setting them explicitly. Run the
following command and follow the instructions in your editor to edit
your configuration file:

    git config --global --edit

After doing this, you may fix the identity used for this commit with:

    git commit --amend --reset-author

Merge successful : tech/all/dt/agatti : 2ca1b63b35a7e70a4a80398286211dee17729739 : 2
------------------------------------------
 ** Merging topic branch: fd76dfcc600a56ed9bc6d4f1b5d3e5d26238a767
Merge successful : tech/all/dt/eliza : fd76dfcc600a56ed9bc6d4f1b5d3e5d26238a767 : 18
------------------------------------------
 ** Merging topic branch: 7cdc1c1717ef2f890b5c1272d0822714942d4f52
Merge successful : tech/all/dt/hamoa : 7cdc1c1717ef2f890b5c1272d0822714942d4f52 : 39
------------------------------------------
 ** Merging topic branch: a619ea6bd88bc2938ad9eadd3bff6df886f456c3
Merge successful : tech/all/dt/glymur : a619ea6bd88bc2938ad9eadd3bff6df886f456c3 : 33
------------------------------------------
 ** Merging topic branch: b395c116269253fd3bf457e69cdc734077358900
Merge successful : tech/all/dt/kaanapali : b395c116269253fd3bf457e69cdc734077358900 : 18
------------------------------------------
 ** Merging topic branch: 9cdd195c9736e629a1051563b7eae5ca38e22c66
Merge successful : tech/all/dt/pakala : 9cdd195c9736e629a1051563b7eae5ca38e22c66 : 13
------------------------------------------
 ** Merging topic branch: 17d1dc3ec4d9bc10af1e075c960d45187a36c388
Merge failed, manual merge
No files need merging
[qcom-next 4b2158640256] Merge remote-tracking branch tech/all/hawi into qcom-next
 Committer: Ubuntu <ubuntu@ip-172-31-41-76.us-west-2.compute.internal>
Your name and email address were configured automatically based
on your username and hostname. Please check that they are accurate.
You can suppress this message by setting them explicitly. Run the
following command and follow the instructions in your editor to edit
your configuration file:

    git config --global --edit

After doing this, you may fix the identity used for this commit with:

    git commit --amend --reset-author

Merge successful : tech/all/hawi : 17d1dc3ec4d9bc10af1e075c960d45187a36c388 : 40
------------------------------------------
 ** Merging topic branch: c7b7e74ca9e881487a53c7e9ad18e0a9f428bbee
Merge successful : tech/all/maili : c7b7e74ca9e881487a53c7e9ad18e0a9f428bbee : 9
------------------------------------------
 ** Merging topic branch: fc6960a53c6db10c98094d9a050e1a4719ac7d07
Merge failed, manual merge
No files need merging
[qcom-next 8c48e290b2db] Merge remote-tracking branch tech/all/shikra into qcom-next
 Committer: Ubuntu <ubuntu@ip-172-31-41-76.us-west-2.compute.internal>
Your name and email address were configured automatically based
on your username and hostname. Please check that they are accurate.
You can suppress this message by setting them explicitly. Run the
following command and follow the instructions in your editor to edit
your configuration file:

    git config --global --edit

After doing this, you may fix the identity used for this commit with:

    git commit --amend --reset-author

Merge successful : tech/all/shikra : fc6960a53c6db10c98094d9a050e1a4719ac7d07 : 206
------------------------------------------
 ** Merging topic branch: 68307b7d975eda470c697794163c512191a5e71c
Merge failed, manual merge
No files need merging
[qcom-next 901ba5a7e24f] Merge remote-tracking branch tech/all/config into qcom-next
 Committer: Ubuntu <ubuntu@ip-172-31-41-76.us-west-2.compute.internal>
Your name and email address were configured automatically based
on your username and hostname. Please check that they are accurate.
You can suppress this message by setting them explicitly. Run the
following command and follow the instructions in your editor to edit
your configuration file:

    git config --global --edit

After doing this, you may fix the identity used for this commit with:

    git commit --amend --reset-author

Merge successful : tech/all/config : 68307b7d975eda470c697794163c512191a5e71c : 91
------------------------------------------
 ** Merging topic branch: e3a5bec1a541fca07ea6203ef7372d1d775c9a49
Merge failed, manual merge
No files need merging
[qcom-next 9352885ec1b9] Merge remote-tracking branch tech/overlay/dt into qcom-next
 Committer: Ubuntu <ubuntu@ip-172-31-41-76.us-west-2.compute.internal>
Your name and email address were configured automatically based
on your username and hostname. Please check that they are accurate.
You can suppress this message by setting them explicitly. Run the
following command and follow the instructions in your editor to edit
your configuration file:

    git config --global --edit

After doing this, you may fix the identity used for this commit with:

    git commit --amend --reset-author

Merge successful : tech/overlay/dt : e3a5bec1a541fca07ea6203ef7372d1d775c9a49 : 99
------------------------------------------
 ** Merging topic branch: ebc94067be183f4418b5f496e269d6eb11723bcb
Merge failed, manual merge
No files need merging
[qcom-next 7882bb21e9b0] Merge remote-tracking branch tech/all/workaround into qcom-next
 Committer: Ubuntu <ubuntu@ip-172-31-41-76.us-west-2.compute.internal>
Your name and email address were configured automatically based
on your username and hostname. Please check that they are accurate.
You can suppress this message by setting them explicitly. Run the
following command and follow the instructions in your editor to edit
your configuration file:

    git config --global --edit

After doing this, you may fix the identity used for this commit with:

    git commit --amend --reset-author

Merge successful : tech/all/workaround : ebc94067be183f4418b5f496e269d6eb11723bcb : 14
------------------------------------------
 ** Merging topic branch: tech/mproc/all/tech/mproc/all
Nothing to merge: Already up to date.
------------------------------------------
 ** Merging topic branch: 9f1e8aefe2eaa112abe0bbb5e9f67284effa3d8d
Merge failed, manual merge
No files need merging
[qcom-next 40a35b6cf30e] Merge remote-tracking branch tech/noup/debug/all into qcom-next
 Committer: Ubuntu <ubuntu@ip-172-31-41-76.us-west-2.compute.internal>
Your name and email address were configured automatically based
on your username and hostname. Please check that they are accurate.
You can suppress this message by setting them explicitly. Run the
following command and follow the instructions in your editor to edit
your configuration file:

    git config --global --edit

After doing this, you may fix the identity used for this commit with:

    git commit --amend --reset-author

Merge successful : tech/noup/debug/all : 9f1e8aefe2eaa112abe0bbb5e9f67284effa3d8d : 37
------------------------------------------
 ** Merging topic branch: a2d85fe547167dbd8fc59618907c20a6f17d2e5a
Merge failed, manual merge
No files need merging
[qcom-next fcd0e72a742d] Merge remote-tracking branch tech/hwe/unoq into qcom-next
 Committer: Ubuntu <ubuntu@ip-172-31-41-76.us-west-2.compute.internal>
Your name and email address were configured automatically based
on your username and hostname. Please check that they are accurate.
You can suppress this message by setting them explicitly. Run the
following command and follow the instructions in your editor to edit
your configuration file:

    git config --global --edit

After doing this, you may fix the identity used for this commit with:

    git commit --amend --reset-author

Merge successful : tech/hwe/unoq : a2d85fe547167dbd8fc59618907c20a6f17d2e5a : 4
WARNING: Pinned SHA 9d5b3c8bfaff6f9f913fdf01da068d2806a0ea6a is not reachable from early/hwe/nord/early/hwe/nord
------------------------------------------
 ** Merging topic branch: 9d5b3c8bfaff6f9f913fdf01da068d2806a0ea6a
Merge failed, manual merge
No files need merging
[qcom-next c66661771846] Merge remote-tracking branch early/hwe/nord into qcom-next
 Committer: Ubuntu <ubuntu@ip-172-31-41-76.us-west-2.compute.internal>
Your name and email address were configured automatically based
on your username and hostname. Please check that they are accurate.
You can suppress this message by setting them explicitly. Run the
following command and follow the instructions in your editor to edit
your configuration file:

    git config --global --edit

After doing this, you may fix the identity used for this commit with:

    git commit --amend --reset-author

Merge successful : early/hwe/nord : 9d5b3c8bfaff6f9f913fdf01da068d2806a0ea6a : 120
WARNING: Pinned SHA b84ee153050a24411f1e3d1d082886e4dc97c682 is not reachable from early/hwe/staging/nord/early/hwe/staging/nord
------------------------------------------
 ** Merging topic branch: b84ee153050a24411f1e3d1d082886e4dc97c682
Merge failed, manual merge
No files need merging
[qcom-next ca1b5bc9ce4b] Merge remote-tracking branch early/hwe/staging/nord into qcom-next
 Committer: Ubuntu <ubuntu@ip-172-31-41-76.us-west-2.compute.internal>
Your name and email address were configured automatically based
on your username and hostname. Please check that they are accurate.
You can suppress this message by setting them explicitly. Run the
following command and follow the instructions in your editor to edit
your configuration file:

    git config --global --edit

After doing this, you may fix the identity used for this commit with:

    git commit --amend --reset-author

Merge successful : early/hwe/staging/nord : b84ee153050a24411f1e3d1d082886e4dc97c682 : 127
Done, merged 52 topic(s).
[main 9e7a2e1] New rr-cache entries from ci-merge
 Committer: Ubuntu <ubuntu@ip-172-31-41-76.us-west-2.compute.internal>
Your name and email address were configured automatically based
on your username and hostname. Please check that they are accurate.
You can suppress this message by setting them explicitly. Run the
following command and follow the instructions in your editor to edit
your configuration file:

    git config --global --edit

After doing this, you may fix the identity used for this commit with:

    git commit --amend --reset-author

 10 files changed, 11323 insertions(+)
 create mode 100644 rr-cache/01ad218be1bc6695c399314b2657270f84f5eff5/thisimage
 create mode 100644 rr-cache/15493c68260065917dc7eb0c39df601c2e5be8a9/thisimage.1
 create mode 100644 rr-cache/199523b062f962ef3002d8beedda368b1e952e16/thisimage
 create mode 100644 rr-cache/42dc8fe25f9f6dbed4b44300cea928b813a4da64/thisimage.1
 create mode 100644 rr-cache/71e51fff7fe2231d839bfb0be0e8e555e1625c24/thisimage.1
 create mode 100644 rr-cache/8f038227d0410fbd66c3502533a58782513de960/thisimage
 create mode 100644 rr-cache/994aae46426ae9d06660d6abe62db589e6784619/thisimage.1
